// Vitest Snapshot v1, https://vitest.dev/guide/snapshot.html

exports[`UserProfile Component > matches snapshot 1`] = `
<DocumentFragment>
  <div
    class="flex flex-col items-center gap-6"
  >
    <div
      class="relative group "
    >
      <div
        class="h-16 w-16 md:h-24 md:w-24 rounded-full bg-gradient-to-br from-purple-300 to-brand-900 text-white flex items-center justify-center text-xl md:text-3xl font-bold shadow group-hover:blur-md"
      >
        JOD
      </div>
      <div
        class="absolute -bottom-1 -right-1 bg-white p-1 rounded-full shadow"
      >
        <svg
          aria-label="verified user"
          class="lucide lucide-badge-check w-5 h-5 text-brand-800"
          fill="none"
          height="24"
          role="img"
          stroke="currentColor"
          stroke-linecap="round"
          stroke-linejoin="round"
          stroke-width="2"
          viewBox="0 0 24 24"
          width="24"
          xmlns="http://www.w3.org/2000/svg"
        >
          <path
            d="M3.85 8.62a4 4 0 0 1 4.78-4.77 4 4 0 0 1 6.74 0 4 4 0 0 1 4.78 4.78 4 4 0 0 1 0 6.74 4 4 0 0 1-4.77 4.78 4 4 0 0 1-6.75 0 4 4 0 0 1-4.78-4.77 4 4 0 0 1 0-6.76Z"
          />
          <path
            d="m9 12 2 2 4-4"
          />
        </svg>
      </div>
      <div
        class="absolute top-[30%] right-[30%] "
      >
        <button
          aria-controls="radix-:r14:"
          aria-expanded="false"
          aria-haspopup="dialog"
          data-state="closed"
          type="button"
        >
          <svg
            aria-label="Update Avatar"
            class="lucide lucide-pencil w-8 h-8 group-hover:block text-gray-500 hidden cursor-pointer"
            fill="none"
            height="24"
            role="title"
            stroke="currentColor"
            stroke-linecap="round"
            stroke-linejoin="round"
            stroke-width="2"
            viewBox="0 0 24 24"
            width="24"
            xmlns="http://www.w3.org/2000/svg"
          >
            <path
              d="M21.174 6.812a1 1 0 0 0-3.986-3.987L3.842 16.174a2 2 0 0 0-.5.83l-1.321 4.352a.5.5 0 0 0 .623.622l4.353-1.32a2 2 0 0 0 .83-.497z"
            />
            <path
              d="m15 5 4 4"
            />
          </svg>
        </button>
      </div>
    </div>
    <div
      class="text-center"
    >
      <h2
        class="text-xl font-semibold text-gradient-custom capitalize"
      >
        John Doe
      </h2>
      <p
        class="text-sm text-gray-500 dark:text-gray-400"
      >
        @johndoe
      </p>
      <span
        class="inline-block mt-2 px-3 py-0.5 rounded-full text-xs font-medium bg-blue-100 text-blue-800 capitalize"
      >
        admin
      </span>
    </div>
    <div
      class="w-full grid grid-cols-1 sm:grid-cols-2 gap-4 text-sm text-gray-700 dark:text-gray-400"
    >
      <div
        class="flex items-center gap-2"
      >
        <svg
          class="lucide lucide-mail w-4 h-4 text-gray-500"
          fill="none"
          height="24"
          stroke="currentColor"
          stroke-linecap="round"
          stroke-linejoin="round"
          stroke-width="2"
          viewBox="0 0 24 24"
          width="24"
          xmlns="http://www.w3.org/2000/svg"
        >
          <rect
            height="16"
            rx="2"
            width="20"
            x="2"
            y="4"
          />
          <path
            d="m22 7-8.97 5.7a1.94 1.94 0 0 1-2.06 0L2 7"
          />
        </svg>
        <span>
          johndoe@example.com
        </span>
      </div>
      <div
        class="flex items-center gap-2"
      >
        <svg
          class="lucide lucide-phone w-4 h-4 text-gray-500"
          fill="none"
          height="24"
          stroke="currentColor"
          stroke-linecap="round"
          stroke-linejoin="round"
          stroke-width="2"
          viewBox="0 0 24 24"
          width="24"
          xmlns="http://www.w3.org/2000/svg"
        >
          <path
            d="M22 16.92v3a2 2 0 0 1-2.18 2 19.79 19.79 0 0 1-8.63-3.07 19.5 19.5 0 0 1-6-6 19.79 19.79 0 0 1-3.07-8.67A2 2 0 0 1 4.11 2h3a2 2 0 0 1 2 1.72 12.84 12.84 0 0 0 .7 2.81 2 2 0 0 1-.45 2.11L8.09 9.91a16 16 0 0 0 6 6l1.27-1.27a2 2 0 0 1 2.11-.45 12.84 12.84 0 0 0 2.81.7A2 2 0 0 1 22 16.92z"
          />
        </svg>
        <span>
          123-456-7890
        </span>
      </div>
      <div
        class="flex items-center gap-2"
      >
        <svg
          class="lucide lucide-calendar w-4 h-4 text-gray-500"
          fill="none"
          height="24"
          stroke="currentColor"
          stroke-linecap="round"
          stroke-linejoin="round"
          stroke-width="2"
          viewBox="0 0 24 24"
          width="24"
          xmlns="http://www.w3.org/2000/svg"
        >
          <path
            d="M8 2v4"
          />
          <path
            d="M16 2v4"
          />
          <rect
            height="18"
            rx="2"
            width="18"
            x="3"
            y="4"
          />
          <path
            d="M3 10h18"
          />
        </svg>
        <span>
          Joined: Invalid Date
        </span>
      </div>
      <div
        class="flex items-center gap-2"
      >
        <svg
          class="lucide lucide-star w-4 h-4 text-yellow-500"
          fill="none"
          height="24"
          stroke="currentColor"
          stroke-linecap="round"
          stroke-linejoin="round"
          stroke-width="2"
          viewBox="0 0 24 24"
          width="24"
          xmlns="http://www.w3.org/2000/svg"
        >
          <path
            d="M11.525 2.295a.53.53 0 0 1 .95 0l2.31 4.679a2.123 2.123 0 0 0 1.595 1.16l5.166.756a.53.53 0 0 1 .294.904l-3.736 3.638a2.123 2.123 0 0 0-.611 1.878l.882 5.14a.53.53 0 0 1-.771.56l-4.618-2.428a2.122 2.122 0 0 0-1.973 0L6.396 21.01a.53.53 0 0 1-.77-.56l.881-5.139a2.122 2.122 0 0 0-.611-1.879L2.16 9.795a.53.53 0 0 1 .294-.906l5.165-.755a2.122 2.122 0 0 0 1.597-1.16z"
          />
        </svg>
        <span>
          Rating: /5
        </span>
      </div>
      <div
        class="flex items-center gap-2"
      >
        <svg
          class="lucide lucide-user w-4 h-4 text-gray-500"
          fill="none"
          height="24"
          stroke="currentColor"
          stroke-linecap="round"
          stroke-linejoin="round"
          stroke-width="2"
          viewBox="0 0 24 24"
          width="24"
          xmlns="http://www.w3.org/2000/svg"
        >
          <path
            d="M19 21v-2a4 4 0 0 0-4-4H9a4 4 0 0 0-4 4v2"
          />
          <circle
            cx="12"
            cy="7"
            r="4"
          />
        </svg>
        <span>
          Streak:  day(s)
        </span>
      </div>
      <div
        class="flex items-center gap-2"
      >
        <svg
          class="lucide lucide-user w-4 h-4 text-gray-500"
          fill="none"
          height="24"
          stroke="currentColor"
          stroke-linecap="round"
          stroke-linejoin="round"
          stroke-width="2"
          viewBox="0 0 24 24"
          width="24"
          xmlns="http://www.w3.org/2000/svg"
        >
          <path
            d="M19 21v-2a4 4 0 0 0-4-4H9a4 4 0 0 0-4 4v2"
          />
          <circle
            cx="12"
            cy="7"
            r="4"
          />
        </svg>
        <span>
          Points: 
        </span>
      </div>
      <div
        class="flex items-center gap-2"
      >
        <svg
          class="lucide lucide-user w-4 h-4 text-gray-500"
          fill="none"
          height="24"
          stroke="currentColor"
          stroke-linecap="round"
          stroke-linejoin="round"
          stroke-width="2"
          viewBox="0 0 24 24"
          width="24"
          xmlns="http://www.w3.org/2000/svg"
        >
          <path
            d="M19 21v-2a4 4 0 0 0-4-4H9a4 4 0 0 0-4 4v2"
          />
          <circle
            cx="12"
            cy="7"
            r="4"
          />
        </svg>
        <span>
          Courses Enrolled: 
        </span>
      </div>
      <div
        class="flex items-center gap-2"
      >
        <svg
          class="lucide lucide-user w-4 h-4 text-gray-500"
          fill="none"
          height="24"
          stroke="currentColor"
          stroke-linecap="round"
          stroke-linejoin="round"
          stroke-width="2"
          viewBox="0 0 24 24"
          width="24"
          xmlns="http://www.w3.org/2000/svg"
        >
          <path
            d="M19 21v-2a4 4 0 0 0-4-4H9a4 4 0 0 0-4 4v2"
          />
          <circle
            cx="12"
            cy="7"
            r="4"
          />
        </svg>
        <span>
          Last Updated: Invalid Date
        </span>
      </div>
    </div>
    <div
      class="flex w-full justify-end"
    >
      <button
        aria-controls="radix-:r17:"
        aria-expanded="false"
        aria-haspopup="dialog"
        class="inline-flex items-center justify-center gap-2 whitespace-nowrap rounded-md text-sm font-medium ring-offset-background transition-colors focus-visible:outline-none focus-visible:ring-2 focus-visible:ring-ring focus-visible:ring-offset-2 disabled:pointer-events-none disabled:opacity-50 [&_svg]:pointer-events-none [&_svg]:size-4 [&_svg]:shrink-0 bg-background h-10 px-4 py-2 border border-red-500 text-brand-900 dark:text-white hover:border-white hover:text-red-500 hover:bg-transparent"
        data-state="closed"
        role="button"
        type="button"
      >
        Delete
      </button>
    </div>
  </div>
</DocumentFragment>
`;
